// Jest Snapshot v1, https://goo.gl/fbAQLP

exports[`<Dashboard /> should render the page 1`] = `
<div
  className="row"
>
  <div
    className="col-sm-12 col-md-4"
  >
    <div>
      <h2>
        Trade Requests
      </h2>
      <p>
        Pending my approval:
      </p>
      <ul
        className="sc-bdVaJa jWptEk"
      >
        <li
          className="row"
        >
          <div
            className="col-sm-9"
          >
            Title
          </div>
          <div
            className="col-sm-1"
          >
            <svg
              fill="#000000"
              height="24"
              viewBox="0 0 24 24"
              width="24"
              xmlns="http://www.w3.org/2000/svg"
            >
              <path
                d="M0 0h24v24H0z"
                fill="none"
              />
              <path
                d="M9 16.17L4.83 12l-1.42 1.41L9 19 21 7l-1.41-1.41z"
              />
            </svg>
          </div>
          <div
            className="col-sm-1 col-sm-offset-1"
          >
            <svg
              fill="#000000"
              height="24"
              viewBox="0 0 24 24"
              width="24"
              xmlns="http://www.w3.org/2000/svg"
            >
              <path
                d="M19 6.41L17.59 5 12 10.59 6.41 5 5 6.41 10.59 12 5 17.59 6.41 19 12 13.41 17.59 19 19 17.59 13.41 12z"
              />
              <path
                d="M0 0h24v24H0z"
                fill="none"
              />
            </svg>
          </div>
        </li>
        <li
          className="row"
        >
          <div
            className="col-sm-9"
          >
            Title
          </div>
          <div
            className="col-sm-1"
          >
            <svg
              fill="#000000"
              height="24"
              viewBox="0 0 24 24"
              width="24"
              xmlns="http://www.w3.org/2000/svg"
            >
              <path
                d="M0 0h24v24H0z"
                fill="none"
              />
              <path
                d="M9 16.17L4.83 12l-1.42 1.41L9 19 21 7l-1.41-1.41z"
              />
            </svg>
          </div>
          <div
            className="col-sm-1 col-sm-offset-1"
          >
            <svg
              fill="#000000"
              height="24"
              viewBox="0 0 24 24"
              width="24"
              xmlns="http://www.w3.org/2000/svg"
            >
              <path
                d="M19 6.41L17.59 5 12 10.59 6.41 5 5 6.41 10.59 12 5 17.59 6.41 19 12 13.41 17.59 19 19 17.59 13.41 12z"
              />
              <path
                d="M0 0h24v24H0z"
                fill="none"
              />
            </svg>
          </div>
        </li>
        <li
          className="row"
        >
          <div
            className="col-sm-9"
          >
            Title
          </div>
          <div
            className="col-sm-1"
          >
            <svg
              fill="#000000"
              height="24"
              viewBox="0 0 24 24"
              width="24"
              xmlns="http://www.w3.org/2000/svg"
            >
              <path
                d="M0 0h24v24H0z"
                fill="none"
              />
              <path
                d="M9 16.17L4.83 12l-1.42 1.41L9 19 21 7l-1.41-1.41z"
              />
            </svg>
          </div>
          <div
            className="col-sm-1 col-sm-offset-1"
          >
            <svg
              fill="#000000"
              height="24"
              viewBox="0 0 24 24"
              width="24"
              xmlns="http://www.w3.org/2000/svg"
            >
              <path
                d="M19 6.41L17.59 5 12 10.59 6.41 5 5 6.41 10.59 12 5 17.59 6.41 19 12 13.41 17.59 19 19 17.59 13.41 12z"
              />
              <path
                d="M0 0h24v24H0z"
                fill="none"
              />
            </svg>
          </div>
        </li>
      </ul>
      <p>
        Pending other's approval:
      </p>
      <ul
        className="sc-bdVaJa jWptEk"
      >
        <li
          className="row"
        >
          <div
            className="col-sm-9"
          >
            Title
          </div>
          <div
            className="col-sm-1"
          >
            <svg
              fill="#000000"
              height="24"
              viewBox="0 0 24 24"
              width="24"
              xmlns="http://www.w3.org/2000/svg"
            >
              <path
                d="M0 0h24v24H0z"
                fill="none"
              />
              <path
                d="M9 16.17L4.83 12l-1.42 1.41L9 19 21 7l-1.41-1.41z"
              />
            </svg>
          </div>
          <div
            className="col-sm-1 col-sm-offset-1"
          >
            <svg
              fill="#000000"
              height="24"
              viewBox="0 0 24 24"
              width="24"
              xmlns="http://www.w3.org/2000/svg"
            >
              <path
                d="M19 6.41L17.59 5 12 10.59 6.41 5 5 6.41 10.59 12 5 17.59 6.41 19 12 13.41 17.59 19 19 17.59 13.41 12z"
              />
              <path
                d="M0 0h24v24H0z"
                fill="none"
              />
            </svg>
          </div>
        </li>
        <li
          className="row"
        >
          <div
            className="col-sm-9"
          >
            Title
          </div>
          <div
            className="col-sm-1"
          >
            <svg
              fill="#000000"
              height="24"
              viewBox="0 0 24 24"
              width="24"
              xmlns="http://www.w3.org/2000/svg"
            >
              <path
                d="M0 0h24v24H0z"
                fill="none"
              />
              <path
                d="M9 16.17L4.83 12l-1.42 1.41L9 19 21 7l-1.41-1.41z"
              />
            </svg>
          </div>
          <div
            className="col-sm-1 col-sm-offset-1"
          >
            <svg
              fill="#000000"
              height="24"
              viewBox="0 0 24 24"
              width="24"
              xmlns="http://www.w3.org/2000/svg"
            >
              <path
                d="M19 6.41L17.59 5 12 10.59 6.41 5 5 6.41 10.59 12 5 17.59 6.41 19 12 13.41 17.59 19 19 17.59 13.41 12z"
              />
              <path
                d="M0 0h24v24H0z"
                fill="none"
              />
            </svg>
          </div>
        </li>
        <li
          className="row"
        >
          <div
            className="col-sm-9"
          >
            Title
          </div>
          <div
            className="col-sm-1"
          >
            <svg
              fill="#000000"
              height="24"
              viewBox="0 0 24 24"
              width="24"
              xmlns="http://www.w3.org/2000/svg"
            >
              <path
                d="M0 0h24v24H0z"
                fill="none"
              />
              <path
                d="M9 16.17L4.83 12l-1.42 1.41L9 19 21 7l-1.41-1.41z"
              />
            </svg>
          </div>
          <div
            className="col-sm-1 col-sm-offset-1"
          >
            <svg
              fill="#000000"
              height="24"
              viewBox="0 0 24 24"
              width="24"
              xmlns="http://www.w3.org/2000/svg"
            >
              <path
                d="M19 6.41L17.59 5 12 10.59 6.41 5 5 6.41 10.59 12 5 17.59 6.41 19 12 13.41 17.59 19 19 17.59 13.41 12z"
              />
              <path
                d="M0 0h24v24H0z"
                fill="none"
              />
            </svg>
          </div>
        </li>
        <li
          className="row"
        >
          <div
            className="col-sm-9"
          >
            Title
          </div>
          <div
            className="col-sm-1"
          >
            <svg
              fill="#000000"
              height="24"
              viewBox="0 0 24 24"
              width="24"
              xmlns="http://www.w3.org/2000/svg"
            >
              <path
                d="M0 0h24v24H0z"
                fill="none"
              />
              <path
                d="M9 16.17L4.83 12l-1.42 1.41L9 19 21 7l-1.41-1.41z"
              />
            </svg>
          </div>
          <div
            className="col-sm-1 col-sm-offset-1"
          >
            <svg
              fill="#000000"
              height="24"
              viewBox="0 0 24 24"
              width="24"
              xmlns="http://www.w3.org/2000/svg"
            >
              <path
                d="M19 6.41L17.59 5 12 10.59 6.41 5 5 6.41 10.59 12 5 17.59 6.41 19 12 13.41 17.59 19 19 17.59 13.41 12z"
              />
              <path
                d="M0 0h24v24H0z"
                fill="none"
              />
            </svg>
          </div>
        </li>
        <li
          className="row"
        >
          <div
            className="col-sm-9"
          >
            Title
          </div>
          <div
            className="col-sm-1"
          >
            <svg
              fill="#000000"
              height="24"
              viewBox="0 0 24 24"
              width="24"
              xmlns="http://www.w3.org/2000/svg"
            >
              <path
                d="M0 0h24v24H0z"
                fill="none"
              />
              <path
                d="M9 16.17L4.83 12l-1.42 1.41L9 19 21 7l-1.41-1.41z"
              />
            </svg>
          </div>
          <div
            className="col-sm-1 col-sm-offset-1"
          >
            <svg
              fill="#000000"
              height="24"
              viewBox="0 0 24 24"
              width="24"
              xmlns="http://www.w3.org/2000/svg"
            >
              <path
                d="M19 6.41L17.59 5 12 10.59 6.41 5 5 6.41 10.59 12 5 17.59 6.41 19 12 13.41 17.59 19 19 17.59 13.41 12z"
              />
              <path
                d="M0 0h24v24H0z"
                fill="none"
              />
            </svg>
          </div>
        </li>
      </ul>
    </div>
  </div>
  <div
    className="col-sm-12 col-md-6"
  >
    <h1>
      My Books
    </h1>
  </div>
</div>
`;
